{
  parentEntities: [
    {
      id: 'Guid 1'
    }
  ]
}