{
  withNullableEntities: [
    {
      id: 'Guid 1'
    }
  ]
}