{
  "misNamed": [
    {
      "misNamedChildren": [
        {
          "id": "Guid 1"
        },
        {
          "id": "Guid 2"
        }
      ]
    },
    {
      "misNamedChildren": [
        {
          "id": "Guid 3"
        }
      ]
    }
  ]
}