{
  renameFields: [
    {
      child: {
        id: 'Guid 1'
      },
      children: [
        {
          id: 'Guid 2'
        }
      ]
    }
  ]
}