{
  "TotalCount": 10,
  "PageInfo": {
    "HasPreviousPage": true,
    "StartCursor": "8",
    "EndCursor": "9"
  },
  "Edges": [
    {
      "Cursor": "9",
      "Node": "j"
    },
    {
      "Cursor": "8",
      "Node": "i"
    }
  ],
  "Items": [
    "j",
    "i"
  ]
}