{
  "misNamed": [
    {
      "misNamedChildren": [
        {
          "id": "00000000-0000-0000-0000-000000000002"
        },
        {
          "id": "00000000-0000-0000-0000-000000000003"
        }
      ]
    },
    {
      "misNamedChildren": [
        {
          "id": "00000000-0000-0000-0000-000000000005"
        }
      ]
    }
  ]
}