{
  "testEntitiesConnection": {
    "totalCount": 4,
    "edges": [
      {
        "cursor": "2",
        "node": {
          "property": "Value3"
        }
      },
      {
        "cursor": "3",
        "node": {
          "property": "Value4"
        }
      }
    ],
    "items": [
      {
        "property": "Value3"
      },
      {
        "property": "Value4"
      }
    ]
  }
}