{
  "testEntities": [
    {
      "property": "Value1"
    },
    {
      "property": "Value2"
    }
  ]
}