{
  "parentEntities": [
    {
      "id": "00000000-0000-0000-0000-000000000001",
      "property": "Value1"
    },
    {
      "id": "00000000-0000-0000-0000-000000000002",
      "property": "Value2"
    }
  ]
}