{
  "manyChildren": [
    {
      "child1": {
        "id": "Guid 1"
      }
    }
  ]
}